Display.Driver\nvgwls.exe
Display.Driver\nvtopps.dll
Display.Driver\dlsnetparams.csv
Display.Driver\nvtopps.db3
Display.Driver\dlsargs.xml
Display.Driver\DisplayDriverRAS.dll
Display.Driver\NvProfileUpdaterPlugin.dll
Display.Driver\Display.NvContainer\plugins\Session\_nvtopps.dll
Display.Driver\Display.NvContainer\plugins\Session\_NvGSTPlugin.dll
Display.Driver\Display.NvContainer\plugins\Session\NvProfileUpdaterPlugin.dll
Display.Driver\Display.NvContainer\plugins\LocalSystem\_DisplayDriverRAS.dll
Display.Driver\Display.NvContainer\plugins\LocalSystem\_NvMsgBusBroadcast.dll
Display.Driver\Display.NvContainer\plugins\LocalSystem\_nvtopps.dll
Display.Driver\Display.NvContainer\plugins\LocalSystem\messagebus.conf
Display.Driver\Display.NvContainer\plugins\LocalSystem\wksServicePluginZ.dll
Display.Driver\Display.NvContainer\plugins\LocalSystem\wksServicePlugin.dll
Display.Driver\Display.NvContainer\nvgwls.exe
Display.Driver\Display.NvContainer\dlsnetparams.csv
Display.Driver\Display.NvContainer\dlsargs.xml
Display.Driver\Display.NvContainer\nvtopps.db3
Display.Driver\Display.NvContainer\MessageBus.dll
Display.Driver\Display.NvContainer\messagebus_client.conf
Display.Driver\Display.NvContainer\NvMessageBus.dll
Display.Driver\NvTelemetry64.dll
Display.Driver\wksServicePlugin.dll
FrameViewSDK\EULA.txt
NVI2\NvInstallerUtil.dll
NVI2\NVNetworkServiceAPI.dll
GFExperience\EULA.txt
GFExperience\license.txt
NVI2\NVNetworkService.exe
Display.Driver\NvCamera*
Display.Driver\NVWMI*